Redirected action-for-stammering-children.html -> index.html
Redirected barts-health-nhs.html -> index.html
Redirected birmingham-community.html -> birmingham-community-nhs.html
Redirected coventry-and-warwickshire-partnership-nhs.html -> index.html
Redirected derbyshire-community-nhs.html -> index.html
Redirected doncaster-bassetlaw.html -> doncaster-and-bassetlaw-teaching-nhs.html
Redirected essex-partnership.html -> essex-partnership-university-nhs.html
Redirected gloucestershire-health-and-care-nhs.html -> index.html
Redirected grampian-nhs.html -> index.html
Redirected happy-talk-ltd.html -> index.html
Redirected harrogate-and-district-nhs.html -> index.html
Redirected herefordshire-and-worcestershire-health-and-care-nhs.html -> index.html
Redirected homerton-nhs.html -> index.html
Redirected hounslow-and-richmond-community-nhs.html -> index.html
Protected: index.html
Redirected kent-community-health-nhs.html -> kent-community-nhs.html
Redirected kent-community.html -> kent-community-nhs.html
Redirected mid-and-south-essex-nhs.html -> index.html
Protected: milestones.html
Redirected northamptonshire.html -> northamptonshire-nhs.html
Redirected shropshire-community.html -> shropshire-community-nhs.html
Redirected south-west-yorkshire.html -> south-west-yorkshire-partnership-nhs.html
Redirected space-to-stutter.html -> index.html
Redirected speech-and-language-uk.html -> index.html
Redirected stamma-event-users.html -> index.html
Redirected stamma.html -> index.html
Redirected stammer-space.html -> index.html
Redirected swansea-bay.html -> swansea-bay-health-board-nhs.html
Redirected torbay-and-south-devon-nhs.html -> index.html
Redirected whittington-health-nhs.html -> index.html
